[vinext] starting on :3002...
[vinext]   vinext start  (port 3002)
[vinext] [vinext] Production server running at http://0.0.0.0:3002
[vinext] up on :3002.
[proxy] starting fix-server on :3000...
[serve] ready → app: http://127.0.0.1:3000 (via vinext :3002)
[proxy] [fix-server] page chunk:  / page-BR0lHEq4.js
[proxy] [fix-server] index chunk: index-CukBljcL.css / index-CZRVHiAk.js
[proxy] fix-server on :3000 → vinext on http://127.0.0.1:3002 | page CSS:  | page JS: page-BR0lHEq4.js
[proxy] [TypeError: fetch failed] {
[proxy]   [cause]: NotSupportedError: expect header not supported
[proxy]       at processHeader (node:internal/deps/undici/undici:3220:15)
[proxy]       at new Request (node:internal/deps/undici/undici:3018:15)
[proxy]       at [dispatch] (node:internal/deps/undici/undici:9405:25)
[proxy]       at Client.dispatch (node:internal/deps/undici/undici:2316:33)
[proxy]       at [dispatch] (node:internal/deps/undici/undici:2587:32)
[proxy]       at Pool.dispatch (node:internal/deps/undici/undici:2316:33)
[proxy]       at [dispatch] (node:internal/deps/undici/undici:9879:27)
[proxy]       at Agent.dispatch (node:internal/deps/undici/undici:2316:33)
[proxy]       at node:internal/deps/undici/undici:13856:55
[proxy]       at new Promise (<anonymous>) {
[proxy]     code: 'UND_ERR_NOT_SUPPORTED'
[proxy]   }
[proxy] }
[proxy] [TypeError: fetch failed] {
[proxy]   [cause]: NotSupportedError: expect header not supported
[proxy]       at processHeader (node:internal/deps/undici/undici:3220:15)
[proxy]       at new Request (node:internal/deps/undici/undici:3018:15)
[proxy]       at [dispatch] (node:internal/deps/undici/undici:9405:25)
[proxy]       at Client.dispatch (node:internal/deps/undici/undici:2316:33)
[proxy]       at [dispatch] (node:internal/deps/undici/undici:2587:32)
[proxy]       at Pool.dispatch (node:internal/deps/undici/undici:2316:33)
[proxy]       at [dispatch] (node:internal/deps/undici/undici:9879:27)
[proxy]       at Agent.dispatch (node:internal/deps/undici/undici:2316:33)
[proxy]       at node:internal/deps/undici/undici:13856:55
[proxy]       at new Promise (<anonymous>) {
[proxy]     code: 'UND_ERR_NOT_SUPPORTED'
[proxy]   }
[proxy] }
[proxy] exited (3221225786) — shutting down.
